INFO:pypsa.network.io:New version 1.2.0 available! (Current: 1.1.2)
INFO:pypsa.network.io:Imported network 'Unnamed Network' has buses, carriers, generators, lines, links, loads, stores, sub_networks
INFO:__main__:No expandable lines found. Skipping iterative solving.
INFO:__main__:Using single-pass optimization...
INFO:__main__:Creating optimization model...
INFO:__main__:Adding extra functionality (custom constraints)...
INFO:__main__:Solving model...
INFO:linopy.model: Solve problem using Highs solver
INFO:linopy.model:Solver logs written to `results/germany_base/logs/solve_network/base_s_450_elec__solver.log`.
INFO:linopy.model:Solver options:
 - threads: 1
 - solver: ipm
 - run_crossover: off
 - small_matrix_value: 1e-06
 - large_matrix_value: 1000000000.0
 - primal_feasibility_tolerance: 1e-05
 - dual_feasibility_tolerance: 1e-05
 - ipm_optimality_tolerance: 0.0001
 - parallel: on
 - random_seed: 123
INFO:linopy.io:Writing objective.
INFO:linopy.io: Writing time: 0.37s
INFO:linopy.solvers:Log file at /home/lucakristin/Desktop/my_pypsa/pypsa-eur/results/germany_base/logs/solve_network/base_s_450_elec__solver.log
WARNING:linopy.solvers:Solution status unknown. Trying to parse solution.
WARNING:linopy.solvers:Solution parsed successfully.
INFO:linopy.constants: Optimization successful: 
Status: ok
Termination condition: unknown
Solution: 180588 primals, 419238 duals
Objective: 1.38e+07
Solver model: available
Solver message: Unknown

INFO:pypsa.optimization.optimize:The shadow-prices of the constraints Generator-fix-p-lower, Generator-fix-p-upper, Line-fix-s-lower, Line-fix-s-upper, Link-ext-p-lower, Link-ext-p-upper, Store-ext-e-lower, Store-ext-e-upper, Kirchhoff-Voltage-Law, Store-energy_balance, Line-loss_upper, Line-loss_tangents-1--1, Line-loss_tangents-1-1, Line-loss_tangents-2--1, Line-loss_tangents-2-1 were not assigned to the network.
INFO:__main__:Maximum memory usage: (1575.4296875, 1777542401.783649)
INFO:pypsa.network.io:Exported network 'Unnamed Network' saved to 'results/germany_base/networks/base_s_450_elec_.nc contains: sub_networks, stores, generators, lines, carriers, loads, links, buses
