Running HiGHS 1.14.0 (git hash: n/a): Copyright (c) 2026 under MIT licence terms
LP linopy-problem-qpv2wem0 has 374870 rows; 150917 cols; 880461 nonzeros
Coefficient ranges:
  Matrix  [2e-03, 9e+01]
  Cost    [9e-03, 1e+03]
  Bound   [1e+07, 1e+07]
  RHS     [1e-01, 3e+04]
WARNING: Problem has some excessively large column bounds
WARNING:    Consider scaling the    bounds by 1e-2, or setting the user_bound_scale option to -4
Presolving model
236677 rows, 137789 cols, 708807 nonzeros 0s
Dependent equations search running on 34968 equations with time limit of 1000.00s
Dependent equations search removed 0 rows and 0 nonzeros in 0.01s (limit = 1000.00s)
212929 rows, 114459 cols, 672026 nonzeros 0s
Presolve reductions: rows 212929(-161941); columns 114459(-36458); nonzeros 672026(-208435) 
Solving the presolved LP
IPX model has 212929 rows, 114459 columns and 672026 nonzeros
Input
    Number of variables:                                114459
    Number of free variables:                           13344
    Number of constraints:                              212929
    Number of equality constraints:                     34968
    Number of matrix entries:                           672026
    Matrix range:                                       [2e-03, 1e+02]
    RHS range:                                          [1e-01, 2e+04]
    Objective range:                                    [1e-06, 3e+04]
    Bounds range:                                       [2e-01, 3e+04]
Preprocessing
    Dualized model:                                     no
    Number of dense columns:                            0
    Range of scaling factors:                           [2.50e-01, 3.20e+01]
    Scaled cost norm:                                   26419.7
    Scaled bounds norm:                                 26792.4
IPX version 1.0
Interior point solve
 Iter       primal obj         dual obj       pinf       dinf       gap      time
   0   -1.75754779e+08  -1.17962334e+12   1.29e+00   8.75e-01  2.00e+00       1.1
   1    1.03638497e+10  -3.30070460e+12   9.84e-01   2.95e-01  2.01e+00       1.7
   2    1.28355773e+10  -4.70795725e+12   3.63e-01   1.26e-01  2.01e+00       3.8
 Constructing starting basis...
 Iter       primal obj         dual obj       pinf       dinf       gap      time
   3    1.26706686e+10  -3.42753291e+12   1.26e-01   2.82e-02  2.01e+00      14.7
   4    1.37554493e+10  -1.95774176e+12   2.90e-02   6.65e-03  2.03e+00      25.6
   5    1.19032434e+10  -6.60929180e+11   6.08e-03   8.73e-04  2.07e+00      44.1
   6    6.06033127e+09  -1.44771113e+11   9.11e-04   9.06e-05  2.17e+00      58.0
   7    1.83712847e+09  -2.67827328e+10   1.11e-05   1.46e-05  2.29e+00      68.3
   8    2.32492521e+09  -1.74967690e+10   7.92e-06   5.33e-06  2.61e+00      72.9
   9    2.27731341e+09  -1.24484112e+10   5.60e-06   3.16e-06  2.90e+00      76.1
  10    1.94381570e+09  -5.95499634e+09   3.16e-06   1.12e-06  3.94e+00      79.2
  11    1.89669856e+09  -3.33528016e+09   2.38e-06   7.36e-12  7.27e+00      82.4
  12    1.87700023e+09  -2.71060192e+09   2.29e-06   5.03e-12  1.10e+01      85.7
  13    1.61629286e+09  -1.91495740e+09   1.59e-06   3.84e-12  2.36e+01      88.6
  14    1.53448653e+09  -1.77503379e+09   1.38e-06   2.24e-12  2.75e+01      91.8
  15    1.29164675e+09  -1.09639436e+09   1.02e-06   1.08e-12  2.45e+01      94.6
  16    1.27066220e+09  -1.08036259e+09   9.70e-07   1.00e-12  2.47e+01      98.9
  17    1.26128707e+09  -1.06099789e+09   9.54e-07   7.04e-13  2.32e+01     102.9
  18    1.04037484e+09  -5.73175063e+08   6.87e-07   2.80e-13  6.91e+00     105.9
  19    1.02000896e+09  -5.80555853e+08   6.67e-07   2.63e-13  7.28e+00     110.3
  20    9.33824315e+08  -5.50209576e+08   5.70e-07   1.43e-11  7.74e+00     113.6
  21    6.47099155e+08  -3.83663739e+08   2.84e-07   5.44e-12  7.83e+00     116.9
  22    5.65913272e+08  -3.44304728e+08   2.28e-07   4.43e-12  8.21e+00     121.1
  23    5.12880421e+08  -2.83878893e+08   1.85e-07   2.55e-12  6.96e+00     124.3
  24    3.84468094e+08  -1.63813036e+08   1.25e-07   1.29e-12  4.97e+00     127.1
  25    3.35386851e+08  -1.36180021e+08   1.01e-07   9.08e-13  4.73e+00     130.8
  26    2.51135932e+08  -1.28179190e+08   4.60e-08   7.52e-13  6.17e+00     133.7
  27    1.80550654e+08  -7.09721921e+07   2.40e-08   3.18e-13  4.59e+00     136.9
  28    1.41555103e+08  -2.64035052e+07   1.50e-08   1.08e-13  2.92e+00     142.8
  29    8.36277738e+07   2.70926202e+06   4.60e-09   2.79e-14  1.87e+00     148.0
  30    7.01447962e+07   8.58555918e+06   1.64e-09   1.46e-14  1.56e+00     153.8
  31    5.53022379e+07   2.23637197e+07   7.45e-10   5.08e-15  8.48e-01     158.2
  32    5.43497825e+07   2.29964897e+07   6.71e-10   4.58e-15  8.11e-01     167.4
  33    5.22556384e+07   2.69474002e+07   5.46e-10   2.46e-15  6.39e-01     170.9
  34    4.48870997e+07   3.26273811e+07   2.05e-10   9.27e-16  3.16e-01     174.5
  35    4.26944116e+07   3.39911192e+07   1.10e-10   8.29e-16  2.27e-01     178.2
  36    4.11460066e+07   3.48065594e+07   6.13e-11   4.68e-15  1.67e-01     180.3
  37    4.06006535e+07   3.50050490e+07   4.41e-11   3.83e-15  1.48e-01     182.3
  38    3.99324300e+07   3.57148095e+07   3.09e-11   2.45e-15  1.12e-01     184.0
  39    3.96340574e+07   3.58369105e+07   2.33e-11   2.06e-15  1.01e-01     185.8
  40    3.93155831e+07   3.62237753e+07   1.57e-11   1.17e-15  8.19e-02     187.4
  41    3.89972092e+07   3.65534589e+07   1.05e-11   6.63e-16  6.47e-02     189.0
  42    3.88085421e+07   3.68357105e+07   7.96e-12   3.55e-16  5.22e-02     190.6
  43    3.86404798e+07   3.70127619e+07   5.75e-12   2.37e-14  4.30e-02     192.1
  44    3.83796524e+07   3.71243333e+07   3.06e-12   1.54e-14  3.33e-02     193.7
  45    3.82802760e+07   3.71709185e+07   2.16e-12   1.26e-14  2.94e-02     195.5
  46    3.81978565e+07   3.72515321e+07   1.39e-12   7.61e-15  2.51e-02     197.1
  47    3.81295443e+07   3.73540264e+07   1.04e-12   4.89e-15  2.05e-02     198.7
  48    3.80894224e+07   3.74075188e+07   7.65e-13   2.64e-15  1.81e-02     200.3
  49    3.80651130e+07   3.74415553e+07   6.43e-13   1.83e-15  1.65e-02     202.0
  50    3.80019682e+07   3.75181163e+07   3.96e-13   7.65e-16  1.28e-02     203.7
  51    3.79694811e+07   3.75414925e+07   2.96e-13   5.73e-16  1.13e-02     205.5
  52    3.79359749e+07   3.75849709e+07   2.15e-13   3.33e-16  9.30e-03     207.2
  53    3.79091054e+07   3.75933916e+07   3.26e-13   2.84e-16  8.36e-03     209.1
  54    3.78890680e+07   3.76255143e+07   2.52e-13   1.75e-16  6.98e-03     211.1
  55    3.78866776e+07   3.76261483e+07   2.38e-13   2.01e-16  6.90e-03     213.0
  56    3.78741403e+07   3.76464078e+07   1.99e-13   6.11e-16  6.03e-03     214.6
  57    3.78500102e+07   3.76559977e+07   4.43e-13   1.08e-15  5.14e-03     216.2
  58    3.78353637e+07   3.76776629e+07   3.29e-13   1.67e-15  4.18e-03     217.9
  59    3.78304675e+07   3.76835720e+07   2.77e-13   8.46e-16  3.89e-03     219.5
  60    3.78132011e+07   3.76950487e+07   2.43e-13   5.89e-16  3.13e-03     221.1
  61    3.78100046e+07   3.76998089e+07   2.06e-13   4.67e-16  2.92e-03     222.7
  62    3.77992992e+07   3.77066040e+07   5.23e-13   5.67e-15  2.46e-03     224.4
  63    3.77974731e+07   3.77077504e+07   4.50e-13   5.23e-15  2.38e-03     226.2
  64    3.77917493e+07   3.77091568e+07   2.90e-13   4.86e-15  2.19e-03     227.7
  65    3.77865120e+07   3.77218732e+07   2.18e-13   2.98e-15  1.71e-03     229.5
  66    3.77822570e+07   3.77264743e+07   1.66e-13   2.23e-15  1.48e-03     231.4
  67    3.77777018e+07   3.77356122e+07   1.05e-13   1.02e-15  1.11e-03     233.2
  68    3.77760409e+07   3.77394905e+07   9.75e-14   1.44e-15  9.68e-04     235.1
  69    3.77729947e+07   3.77449503e+07   1.04e-12   5.23e-15  7.43e-04     237.2
  70    3.77701886e+07   3.77461965e+07   5.76e-12   4.21e-15  6.35e-04     239.6
  71    3.77696927e+07   3.77464006e+07   5.17e-12   3.79e-15  6.17e-04     241.6
  72    3.77687287e+07   3.77477584e+07   4.50e-12   3.01e-15  5.55e-04     243.3
  73    3.77684728e+07   3.77480940e+07   4.26e-12   5.66e-15  5.40e-04     245.1
  74    3.77656115e+07   3.77500807e+07   2.27e-12   3.66e-15  4.11e-04     246.9
  75    3.77652878e+07   3.77506300e+07   2.04e-12   2.90e-15  3.88e-04     248.6
  76    3.77634912e+07   3.77521001e+07   1.05e-12   1.81e-15  3.02e-04     250.2
  77    3.77634174e+07   3.77521936e+07   1.02e-12   1.74e-15  2.97e-04     252.0
  78    3.77631097e+07   3.77531366e+07   8.56e-13   9.57e-16  2.64e-04     253.8
  79    3.77620617e+07   3.77543596e+07   6.10e-13   6.48e-16  2.04e-04     255.3
  80    3.77619441e+07   3.77545185e+07   5.61e-13   5.47e-16  1.97e-04     257.2
  81    3.77609933e+07   3.77549499e+07   2.68e-13   1.22e-15  1.60e-04     258.8
  82    3.77607378e+07   3.77552655e+07   2.20e-13   9.72e-16  1.45e-04     260.6
  83    3.77606549e+07   3.77553830e+07   2.42e-13   6.45e-16  1.40e-04     262.2
  84    3.77601922e+07   3.77559513e+07   1.06e-12   4.27e-16  1.12e-04     263.8
  85*   3.77598592e+07   3.77563352e+07   6.77e-13   2.69e-16  9.33e-05     265.6
Summary
    Runtime:                                            265.56s
    Status interior point solve:                        optimal
    Status crossover:                                   not run
    objective value:                                    3.77598592e+07
    interior solution primal residual (abs/rel):        3.63e-08 / 1.35e-12
    interior solution dual residual (abs/rel):          1.16e-11 / 4.40e-16
    interior solution objective gap (abs/rel):          3.52e+03 / 9.33e-05
Ipx: IPM       optimal
WARNING: Solution optimality conditions: Before postsolve
num/max      0 /        0 (relative      0 /        0) primal infeasibilities     (tolerance = 1e-05)
num/max      0 /        0 (relative      0 /        0)   dual infeasibilities     (tolerance = 1e-05)
num/max      0 / 3.63e-08 (relative      0 / 7.12e-12) primal residual errors     (tolerance = 1e-07)
num/max      0 / 1.16e-11 (relative      0 / 1.14e-13)   dual residual errors     (tolerance = 1e-07)
                                         1 / 4.35e-05  P-D objective error        (tolerance = 1e-07)
WARNING: LP solver claims optimality, but with
WARNING:                     4.35e-05 relative P-D objective error    (tolerance = 1e-07)
WARNING: Model status changed from "Optimal" to "Unknown" since relative violation of tolerances is      435

Performed postsolve

Model name          : linopy-problem-qpv2wem0
Model status        : Unknown
IPM       iterations: 85
Objective value     :  3.7759859177e+07
P-D objective error :  4.3520946489e-05
HiGHS run time      :        265.63
