Running HiGHS 1.14.0 (git hash: n/a): Copyright (c) 2026 under MIT licence terms
LP linopy-problem-9qxwiple has 420494 rows; 181217 cols; 897152 nonzeros
Coefficient ranges:
  Matrix  [1e-03, 6e+01]
  Cost    [9e-03, 4e+02]
  Bound   [9e+06, 9e+06]
  RHS     [1e-03, 3e+04]
WARNING: Problem has some excessively large column bounds
WARNING:    Consider scaling the    bounds by 1e-1, or setting the user_bound_scale option to -4
Presolving model
202728 rows, 169810 cols, 657630 nonzeros 0s
Dependent equations search running on 34728 equations with time limit of 1000.00s
Dependent equations search removed 0 rows and 0 nonzeros in 0.01s (limit = 1000.00s)
178770 rows, 146242 cols, 622930 nonzeros 1s
Presolve reductions: rows 178770(-241724); columns 146242(-34975); nonzeros 622930(-274222) 
Solving the presolved LP
IPX model has 178770 rows, 146242 columns and 622930 nonzeros
Input
    Number of variables:                                146242
    Number of free variables:                           13104
    Number of constraints:                              178770
    Number of equality constraints:                     34728
    Number of matrix entries:                           622930
    Matrix range:                                       [1e-03, 9e+01]
    RHS range:                                          [1e-01, 2e+04]
    Objective range:                                    [3e-06, 4e+02]
    Bounds range:                                       [1e-03, 3e+04]
Preprocessing
    Dualized model:                                     no
    Number of dense columns:                            0
    Range of scaling factors:                           [2.50e-01, 4.00e+00]
    Scaled cost norm:                                   433.386
    Scaled bounds norm:                                 27775.5
IPX version 1.0
Interior point solve
 Iter       primal obj         dual obj       pinf       dinf       gap      time
   0   -2.25200769e+08  -8.76740823e+09   8.64e-01   5.55e-01  1.90e+00       1.8
   1    8.09459291e+09  -2.03208388e+10   4.66e-01   1.45e-01  4.65e+00       2.2
 Constructing starting basis...
 Iter       primal obj         dual obj       pinf       dinf       gap      time
   2    7.75312905e+09  -2.53420858e+10   1.24e-01   2.85e-02  3.76e+00      14.0
   3    3.77046421e+09  -1.37058558e+10   3.05e-02   7.86e-03  3.52e+00      18.1
   4    1.94045366e+09  -4.53685221e+09   8.23e-03   6.75e-04  4.99e+00      30.0
   5    7.87286502e+08  -2.38449522e+09   2.19e-03   2.45e-04  3.97e+00      63.8
   6    3.33920371e+08  -1.45440655e+09   3.82e-04   1.29e-04  3.19e+00      68.5
   7    3.69047437e+08  -7.52259246e+08   9.29e-05   1.71e-05  5.85e+00      70.5
   8    3.12416534e+08  -4.77542116e+08   6.81e-05   9.55e-06  9.57e+00      72.2
   9    2.88162083e+08  -2.65606610e+08   5.50e-05   2.42e-06  4.91e+01      73.8
  10    2.81007986e+08  -2.61532866e+08   5.22e-05   4.34e-07  5.57e+01      75.2
  11    1.74697867e+08  -1.57858415e+08   2.29e-05   2.14e-07  3.95e+01      76.6
  12    1.74443389e+08  -1.57886485e+08   2.28e-05   1.90e-07  4.01e+01      78.2
  13    1.65851930e+08  -1.40980775e+08   2.09e-05   9.77e-08  2.47e+01      79.6
  14    1.46021628e+08  -1.19897185e+08   1.56e-05   3.53e-08  2.04e+01      80.9
  15    1.44174820e+08  -1.11114169e+08   1.51e-05   1.71e-08  1.54e+01      82.3
  16    1.30108328e+08  -8.84739272e+07   1.25e-05   1.06e-08  1.05e+01      83.7
  17    9.62879704e+07  -6.17834198e+07   6.76e-06   4.34e-09  9.16e+00      85.2
  18    9.60288495e+07  -6.18272828e+07   6.70e-06   4.11e-09  9.23e+00      87.0
  19    9.21402605e+07  -6.02947525e+07   6.09e-06   3.46e-09  9.57e+00      88.7
  20    8.84044393e+07  -5.59166094e+07   5.41e-06   1.96e-09  8.88e+00      90.3
  21    7.80141694e+07  -3.57645043e+07   4.28e-06   7.54e-10  5.39e+00      91.7
  22    7.42916993e+07  -3.00032295e+07   3.84e-06   3.07e-10  4.71e+00      93.2
  23    6.86376701e+07  -2.32922574e+07   3.26e-06   1.16e-10  4.05e+00      94.7
  24    6.48532088e+07  -2.25858654e+07   2.83e-06   6.57e-11  4.14e+00      96.1
  25    5.76702603e+07  -1.36887036e+07   2.21e-06   9.52e-12  3.24e+00      97.7
  26    5.70524103e+07  -1.45829056e+07   2.15e-06   7.67e-12  3.37e+00      99.6
  27    4.97266515e+07  -1.16034044e+07   1.55e-06   2.02e-12  3.22e+00     101.3
  28    4.69053348e+07  -1.11557621e+07   1.31e-06   1.09e-12  3.25e+00     103.0
  29    3.91446647e+07  -3.97011388e+06   8.80e-07   2.51e-13  2.45e+00     104.6
  30    3.73213522e+07  -3.74074412e+06   7.72e-07   2.03e-13  2.45e+00     105.9
  31    3.17236242e+07  -3.05235999e+06   4.48e-07   1.03e-13  2.43e+00     106.9
  32    2.90364987e+07  -1.06906166e+06   3.41e-07   5.73e-14  2.15e+00     108.3
  33    2.66183003e+07   2.48017871e+06   2.73e-07   2.37e-14  1.66e+00     109.6
  34    2.49419911e+07   3.63467420e+06   2.31e-07   1.62e-14  1.49e+00     110.6
  35    2.24995481e+07   4.67255880e+06   1.65e-07   1.11e-14  1.31e+00     111.6
  36    1.90223359e+07   6.46842990e+06   1.00e-07   1.11e-14  9.85e-01     112.8
  37    1.87785887e+07   6.58129853e+06   9.41e-08   7.67e-15  9.62e-01     114.0
  38    1.72495504e+07   7.16968286e+06   6.18e-08   1.42e-14  8.26e-01     115.2
  39    1.68957220e+07   7.93937838e+06   5.64e-08   5.53e-15  7.21e-01     116.5
  40    1.63220974e+07   8.33887195e+06   4.70e-08   3.31e-15  6.47e-01     117.8
  41    1.53973229e+07   8.95480940e+06   3.51e-08   7.61e-15  5.29e-01     119.0
  42    1.45763045e+07   9.24432729e+06   2.62e-08   5.32e-15  4.48e-01     120.4
  43    1.38322566e+07   9.52805878e+06   1.71e-08   4.90e-15  3.69e-01     121.8
  44    1.32459601e+07   9.77304262e+06   1.16e-08   3.24e-14  3.02e-01     123.3
  45    1.30254498e+07   9.81144205e+06   8.97e-09   2.40e-14  2.81e-01     124.8
  46    1.25706503e+07   1.00860755e+07   6.43e-09   4.95e-14  2.19e-01     126.2
  47    1.25126918e+07   1.01447066e+07   5.93e-09   2.89e-14  2.09e-01     127.6
  48    1.24307446e+07   1.01569010e+07   4.99e-09   2.27e-14  2.01e-01     128.8
  49    1.20174043e+07   1.03632733e+07   2.76e-09   2.30e-14  1.48e-01     129.8
  50    1.17371170e+07   1.04937996e+07   1.45e-09   1.52e-14  1.12e-01     130.9
  51    1.16733752e+07   1.05946170e+07   1.20e-09   2.07e-14  9.69e-02     132.0
  52    1.15159983e+07   1.06542919e+07   6.98e-10   1.61e-14  7.77e-02     133.1
  53    1.14238898e+07   1.07302668e+07   4.05e-10   4.62e-14  6.26e-02     134.4
  54    1.13265019e+07   1.07708461e+07   2.27e-10   5.21e-14  5.03e-02     135.7
  55    1.13099860e+07   1.08380959e+07   1.81e-10   2.95e-14  4.26e-02     137.0
  56    1.13029045e+07   1.08666524e+07   1.63e-10   2.02e-14  3.94e-02     138.1
  57    1.12970279e+07   1.08963826e+07   1.52e-10   1.32e-14  3.61e-02     139.4
  58    1.12625170e+07   1.09409325e+07   1.05e-10   6.02e-15  2.90e-02     140.8
  59    1.12389654e+07   1.09593907e+07   7.87e-11   3.78e-15  2.52e-02     142.1
  60    1.12015456e+07   1.09764960e+07   4.85e-11   2.61e-15  2.03e-02     143.2
  61    1.11960421e+07   1.09838478e+07   4.09e-11   1.84e-15  1.91e-02     144.4
  62    1.11795697e+07   1.09961409e+07   3.22e-11   1.16e-15  1.65e-02     145.6
  63    1.11399698e+07   1.10275559e+07   1.14e-11   2.91e-15  1.01e-02     146.6
  64    1.11370322e+07   1.10303883e+07   1.03e-11   2.55e-15  9.62e-03     147.9
  65    1.11267314e+07   1.10391798e+07   6.65e-12   1.43e-15  7.90e-03     149.0
  66    1.11145626e+07   1.10498949e+07   4.20e-12   7.92e-16  5.84e-03     150.1
  67    1.11121310e+07   1.10515218e+07   3.30e-12   2.88e-15  5.47e-03     151.4
  68    1.11054992e+07   1.10575758e+07   2.16e-12   2.15e-15  4.32e-03     152.5
  69    1.10964964e+07   1.10613108e+07   9.87e-13   1.33e-15  3.18e-03     153.7
  70    1.10869754e+07   1.10667012e+07   2.21e-13   6.28e-16  1.83e-03     154.8
  71    1.10800746e+07   1.10732459e+07   5.71e-14   3.93e-16  6.16e-04     155.9
  72    1.10780772e+07   1.10758453e+07   8.89e-15   5.23e-16  2.01e-04     156.9
  73    1.10779725e+07   1.10759234e+07   9.30e-15   5.23e-16  1.85e-04     157.9
  74    1.10779184e+07   1.10763046e+07   5.81e-15   5.23e-16  1.46e-04     158.9
  75*   1.10778469e+07   1.10769724e+07   2.23e-15   5.23e-16  7.89e-05     159.8
Summary
    Runtime:                                            159.82s
    Status interior point solve:                        optimal
    Status crossover:                                   not run
    objective value:                                    1.10778469e+07
    interior solution primal residual (abs/rel):        2.26e-10 / 8.15e-15
    interior solution dual residual (abs/rel):          8.00e-13 / 1.84e-15
    interior solution objective gap (abs/rel):          8.74e+02 / 7.89e-05
Ipx: IPM       optimal
WARNING: Solution optimality conditions: Before postsolve
num/max      0 /        0 (relative      0 /        0) primal infeasibilities     (tolerance = 1e-05)
num/max     11 /  0.00219 (relative      1 / 6.25e-05)   dual infeasibilities     (tolerance = 1e-05)
num/max      0 / 2.27e-10 (relative      0 / 2.92e-14) primal residual errors     (tolerance = 1e-07)
num/max      0 / 3.96e-13 (relative      0 / 1.13e-14)   dual residual errors     (tolerance = 1e-07)
                                         1 / 3.15e-05  P-D objective error        (tolerance = 1e-07)
WARNING: LP solver claims optimality, but with
WARNING:    num/max      1 / 6.25e-05 relative   dual infeasibilities (tolerance = 1e-05)
WARNING:                     3.15e-05 relative P-D objective error    (tolerance = 1e-07)
WARNING: Model status changed from "Optimal" to "Unknown" since relative violation of tolerances is      315

Performed postsolve

Model name          : linopy-problem-9qxwiple
Model status        : Unknown
IPM       iterations: 75
Objective value     :  1.1077846918e+07
P-D objective error :  3.1538536107e-05
HiGHS run time      :        159.89
